// Jest Snapshot v1, https://goo.gl/fbAQLP

exports[`Pruebas con <GifGridItem/> Debe de mostrar el componente correctamente 1`] = `
<div
  className="card"
>
  <img />
  <p />
</div>
`;
